// Vitest Snapshot v1, https://vitest.dev/guide/snapshot.html

exports[`BettingEngineService golden — analyzeFixture decision output > locks the NO_BET decision when no market odds are available 1`] = `
{
  "deterministicScore": 0.645302,
  "fixtureId": "fixture-id",
  "modelRunId": "run-id",
  "probabilities": {
    "away": 0.106868,
    "bttsNo": 0.523353,
    "bttsYes": 0.476647,
    "cleanSheetAway": 0.103232,
    "cleanSheetHome": 0.474044,
    "dc12": 0.825591,
    "dc1X": 0.893132,
    "dcX2": 0.281277,
    "dnbAway": 0.129444,
    "dnbHome": 0.870556,
    "draw": 0.174409,
    "firstHalfWinner": {
      "away": 0.119949,
      "draw": 0.359545,
      "home": 0.520505,
    },
    "home": 0.718723,
    "htft": {
      "AWAY_AWAY": 0.055881,
      "AWAY_DRAW": 0.0339,
      "AWAY_HOME": 0.030168,
      "DRAW_AWAY": 0.043722,
      "DRAW_DRAW": 0.106627,
      "DRAW_HOME": 0.209196,
      "HOME_AWAY": 0.00728,
      "HOME_DRAW": 0.0339,
      "HOME_HOME": 0.479325,
    },
    "ouHT": {
      "OVER_0_5": 0.734858,
      "OVER_1_5": 0.382884,
      "UNDER_0_5": 0.265142,
      "UNDER_1_5": 0.617116,
    },
    "over15": 0.803409,
    "over25": 0.585515,
    "over35": 0.356617,
    "over45": 0.187623,
    "resultBtts": {
      "AWAY_NO": 0.05374,
      "AWAY_YES": 0.053128,
      "DRAW_NO": 0.04761,
      "DRAW_YES": 0.126799,
      "HOME_NO": 0.422003,
      "HOME_YES": 0.29672,
    },
    "resultTotalGoals": {
      "AWAY_OVER_1_5": 0.070339,
      "AWAY_OVER_2_5": 0.05718,
      "AWAY_OVER_3_5": 0.022353,
      "AWAY_OVER_4_5": 0.014017,
      "AWAY_UNDER_1_5": 0.036529,
      "AWAY_UNDER_2_5": 0.049688,
      "AWAY_UNDER_3_5": 0.084514,
      "AWAY_UNDER_4_5": 0.09285,
      "DRAW_OVER_1_5": 0.125473,
      "DRAW_OVER_2_5": 0.042879,
      "DRAW_OVER_3_5": 0.042523,
      "DRAW_OVER_4_5": 0.007372,
      "DRAW_UNDER_1_5": 0.048937,
      "DRAW_UNDER_2_5": 0.131531,
      "DRAW_UNDER_3_5": 0.131887,
      "DRAW_UNDER_4_5": 0.167038,
      "HOME_OVER_1_5": 0.607598,
      "HOME_OVER_2_5": 0.485457,
      "HOME_OVER_3_5": 0.291741,
      "HOME_OVER_4_5": 0.166234,
      "HOME_UNDER_1_5": 0.111125,
      "HOME_UNDER_2_5": 0.233266,
      "HOME_UNDER_3_5": 0.426982,
      "HOME_UNDER_4_5": 0.552489,
    },
    "secondHalfWinner": {
      "away": 0.121605,
      "draw": 0.296561,
      "home": 0.581835,
    },
    "teamTotalAway": {
      "OVER_0_5": 0.525956,
      "OVER_1_5": 0.172103,
      "OVER_2_5": 0.040036,
      "OVER_3_5": 0.007175,
      "OVER_4_5": 0.001043,
      "OVER_5_5": 0.000127,
      "OVER_6_5": 0.000013,
      "UNDER_0_5": 0.474044,
      "UNDER_1_5": 0.827897,
      "UNDER_2_5": 0.959964,
      "UNDER_3_5": 0.992825,
      "UNDER_4_5": 0.998957,
      "UNDER_5_5": 0.999873,
      "UNDER_6_5": 0.999987,
    },
    "teamTotalHome": {
      "OVER_0_5": 0.896768,
      "OVER_1_5": 0.662348,
      "OVER_2_5": 0.396188,
      "OVER_3_5": 0.194722,
      "OVER_4_5": 0.08035,
      "OVER_5_5": 0.028407,
      "OVER_6_5": 0.008748,
      "UNDER_0_5": 0.103232,
      "UNDER_1_5": 0.337652,
      "UNDER_2_5": 0.603812,
      "UNDER_3_5": 0.805278,
      "UNDER_4_5": 0.91965,
      "UNDER_5_5": 0.971593,
      "UNDER_6_5": 0.991252,
    },
    "under15": 0.196591,
    "under25": 0.414485,
    "under35": 0.643383,
    "under45": 0.812377,
    "winEitherHalfAway": 0.226967,
    "winEitherHalfHome": 0.799492,
    "winToNilAway": 0.054296,
    "winToNilHome": 0.425108,
  },
  "status": "analyzed",
}
`;

exports[`BettingEngineService golden — analyzeFixture decision output > locks the decision for a strong-home fixture with generous home odds 1`] = `
{
  "deterministicScore": 0.645302,
  "fixtureId": "fixture-id",
  "modelRunId": "run-id",
  "probabilities": {
    "away": 0.106868,
    "bttsNo": 0.523353,
    "bttsYes": 0.476647,
    "cleanSheetAway": 0.103232,
    "cleanSheetHome": 0.474044,
    "dc12": 0.825591,
    "dc1X": 0.893132,
    "dcX2": 0.281277,
    "dnbAway": 0.129444,
    "dnbHome": 0.870556,
    "draw": 0.174409,
    "firstHalfWinner": {
      "away": 0.119949,
      "draw": 0.359545,
      "home": 0.520505,
    },
    "home": 0.718723,
    "htft": {
      "AWAY_AWAY": 0.055881,
      "AWAY_DRAW": 0.0339,
      "AWAY_HOME": 0.030168,
      "DRAW_AWAY": 0.043722,
      "DRAW_DRAW": 0.106627,
      "DRAW_HOME": 0.209196,
      "HOME_AWAY": 0.00728,
      "HOME_DRAW": 0.0339,
      "HOME_HOME": 0.479325,
    },
    "ouHT": {
      "OVER_0_5": 0.734858,
      "OVER_1_5": 0.382884,
      "UNDER_0_5": 0.265142,
      "UNDER_1_5": 0.617116,
    },
    "over15": 0.803409,
    "over25": 0.585515,
    "over35": 0.356617,
    "over45": 0.187623,
    "resultBtts": {
      "AWAY_NO": 0.05374,
      "AWAY_YES": 0.053128,
      "DRAW_NO": 0.04761,
      "DRAW_YES": 0.126799,
      "HOME_NO": 0.422003,
      "HOME_YES": 0.29672,
    },
    "resultTotalGoals": {
      "AWAY_OVER_1_5": 0.070339,
      "AWAY_OVER_2_5": 0.05718,
      "AWAY_OVER_3_5": 0.022353,
      "AWAY_OVER_4_5": 0.014017,
      "AWAY_UNDER_1_5": 0.036529,
      "AWAY_UNDER_2_5": 0.049688,
      "AWAY_UNDER_3_5": 0.084514,
      "AWAY_UNDER_4_5": 0.09285,
      "DRAW_OVER_1_5": 0.125473,
      "DRAW_OVER_2_5": 0.042879,
      "DRAW_OVER_3_5": 0.042523,
      "DRAW_OVER_4_5": 0.007372,
      "DRAW_UNDER_1_5": 0.048937,
      "DRAW_UNDER_2_5": 0.131531,
      "DRAW_UNDER_3_5": 0.131887,
      "DRAW_UNDER_4_5": 0.167038,
      "HOME_OVER_1_5": 0.607598,
      "HOME_OVER_2_5": 0.485457,
      "HOME_OVER_3_5": 0.291741,
      "HOME_OVER_4_5": 0.166234,
      "HOME_UNDER_1_5": 0.111125,
      "HOME_UNDER_2_5": 0.233266,
      "HOME_UNDER_3_5": 0.426982,
      "HOME_UNDER_4_5": 0.552489,
    },
    "secondHalfWinner": {
      "away": 0.121605,
      "draw": 0.296561,
      "home": 0.581835,
    },
    "teamTotalAway": {
      "OVER_0_5": 0.525956,
      "OVER_1_5": 0.172103,
      "OVER_2_5": 0.040036,
      "OVER_3_5": 0.007175,
      "OVER_4_5": 0.001043,
      "OVER_5_5": 0.000127,
      "OVER_6_5": 0.000013,
      "UNDER_0_5": 0.474044,
      "UNDER_1_5": 0.827897,
      "UNDER_2_5": 0.959964,
      "UNDER_3_5": 0.992825,
      "UNDER_4_5": 0.998957,
      "UNDER_5_5": 0.999873,
      "UNDER_6_5": 0.999987,
    },
    "teamTotalHome": {
      "OVER_0_5": 0.896768,
      "OVER_1_5": 0.662348,
      "OVER_2_5": 0.396188,
      "OVER_3_5": 0.194722,
      "OVER_4_5": 0.08035,
      "OVER_5_5": 0.028407,
      "OVER_6_5": 0.008748,
      "UNDER_0_5": 0.103232,
      "UNDER_1_5": 0.337652,
      "UNDER_2_5": 0.603812,
      "UNDER_3_5": 0.805278,
      "UNDER_4_5": 0.91965,
      "UNDER_5_5": 0.971593,
      "UNDER_6_5": 0.991252,
    },
    "under15": 0.196591,
    "under25": 0.414485,
    "under35": 0.643383,
    "under45": 0.812377,
    "winEitherHalfAway": 0.226967,
    "winEitherHalfHome": 0.799492,
    "winToNilAway": 0.054296,
    "winToNilHome": 0.425108,
  },
  "status": "analyzed",
}
`;
